<?xml version="1.0" encoding="UTF-8"?>
<testsuites name="jest tests" tests="4" failures="0" time="5.822">
  <testsuite name="Redux Store" errors="0" failures="0" skipped="0" timestamp="2025-12-18T09:57:39" time="3.27" tests="4">
    <testcase classname="Redux Store should have initial state with empty name and email" name="Redux Store should have initial state with empty name and email" time="0.003">
    </testcase>
    <testcase classname="Redux Store should update name when updateName action is dispatched" name="Redux Store should update name when updateName action is dispatched" time="0.001">
    </testcase>
    <testcase classname="Redux Store should update email when updateEmail action is dispatched" name="Redux Store should update email when updateEmail action is dispatched" time="0.001">
    </testcase>
    <testcase classname="Redux Store should update both name and email correctly" name="Redux Store should update both name and email correctly" time="0.001">
    </testcase>
  </testsuite>
</testsuites>